
> Configure project :
Build was configured to prefer settings repositories over project repositories but repository 'MavenRepo' was added by build file 'build.gradle.kts'
Build was configured to prefer settings repositories over project repositories but repository 'MavenRepo' was added by build file 'build.gradle.kts'
Build was configured to prefer settings repositories over project repositories but repository 'MavenRepo' was added by build file 'build.gradle.kts'
Build was configured to prefer settings repositories over project repositories but repository 'MavenRepo' was added by build file 'build.gradle.kts'
Build was configured to prefer settings repositories over project repositories but repository 'MavenRepo' was added by build file 'build.gradle.kts'
Build was configured to prefer settings repositories over project repositories but repository 'MavenRepo' was added by build file 'build.gradle.kts'
Build was configured to prefer settings repositories over project repositories but repository 'MavenRepo' was added by build file 'build.gradle.kts'
Build was configured to prefer settings repositories over project repositories but repository 'MavenRepo' was added by build file 'build.gradle.kts'
Build was configured to prefer settings repositories over project repositories but repository 'MavenRepo' was added by build file 'build.gradle.kts'
Build was configured to prefer settings repositories over project repositories but repository 'MavenRepo' was added by build file 'build.gradle.kts'
Build was configured to prefer settings repositories over project repositories but repository 'MavenRepo' was added by build file 'build.gradle.kts'
Build was configured to prefer settings repositories over project repositories but repository 'MavenRepo' was added by build file 'build.gradle.kts'
Build was configured to prefer settings repositories over project repositories but repository 'MavenRepo' was added by build file 'build.gradle.kts'
Build was configured to prefer settings repositories over project repositories but repository 'MavenRepo' was added by build file 'build.gradle.kts'
Build was configured to prefer settings repositories over project repositories but repository 'MavenRepo' was added by build file 'build.gradle.kts'
Build was configured to prefer settings repositories over project repositories but repository 'MavenRepo' was added by build file 'build.gradle.kts'
Build was configured to prefer settings repositories over project repositories but repository 'MavenRepo' was added by build file 'build.gradle.kts'
Build was configured to prefer settings repositories over project repositories but repository 'MavenRepo' was added by build file 'build.gradle.kts'
Build was configured to prefer settings repositories over project repositories but repository 'MavenRepo' was added by build file 'build.gradle.kts'
Build was configured to prefer settings repositories over project repositories but repository 'MavenRepo' was added by build file 'build.gradle.kts'
Build was configured to prefer settings repositories over project repositories but repository 'MavenRepo' was added by build file 'build.gradle.kts'
Build was configured to prefer settings repositories over project repositories but repository 'MavenRepo' was added by build file 'build.gradle.kts'
Build was configured to prefer settings repositories over project repositories but repository 'MavenRepo' was added by build file 'build.gradle.kts'
Build was configured to prefer settings repositories over project repositories but repository 'MavenRepo' was added by build file 'build.gradle.kts'
Build was configured to prefer settings repositories over project repositories but repository 'MavenRepo' was added by build file 'build.gradle.kts'
Build was configured to prefer settings repositories over project repositories but repository 'MavenRepo' was added by build file 'build.gradle.kts'
Build was configured to prefer settings repositories over project repositories but repository 'MavenRepo' was added by build file 'build.gradle.kts'
Build was configured to prefer settings repositories over project repositories but repository 'MavenRepo' was added by build file 'build.gradle.kts'
Build was configured to prefer settings repositories over project repositories but repository 'MavenRepo' was added by build file 'build.gradle.kts'
Build was configured to prefer settings repositories over project repositories but repository 'MavenRepo' was added by build file 'build.gradle.kts'
Build was configured to prefer settings repositories over project repositories but repository 'MavenRepo' was added by build file 'build.gradle.kts'
Build was configured to prefer settings repositories over project repositories but repository 'MavenRepo' was added by build file 'build.gradle.kts'
Build was configured to prefer settings repositories over project repositories but repository 'MavenRepo' was added by build file 'build.gradle.kts'
Build was configured to prefer settings repositories over project repositories but repository 'MavenRepo' was added by build file 'build.gradle.kts'
Build was configured to prefer settings repositories over project repositories but repository 'MavenRepo' was added by build file 'build.gradle.kts'
Build was configured to prefer settings repositories over project repositories but repository 'MavenRepo' was added by build file 'build.gradle.kts'
Build was configured to prefer settings repositories over project repositories but repository 'MavenRepo' was added by build file 'build.gradle.kts'
Build was configured to prefer settings repositories over project repositories but repository 'MavenRepo' was added by build file 'build.gradle.kts'
Build was configured to prefer settings repositories over project repositories but repository 'MavenRepo' was added by build file 'build.gradle.kts'
Build was configured to prefer settings repositories over project repositories but repository 'MavenRepo' was added by build file 'build.gradle.kts'
Build was configured to prefer settings repositories over project repositories but repository 'MavenRepo' was added by build file 'build.gradle.kts'
Build was configured to prefer settings repositories over project repositories but repository 'MavenRepo' was added by build file 'build.gradle.kts'
Build was configured to prefer settings repositories over project repositories but repository 'MavenRepo' was added by build file 'build.gradle.kts'
Build was configured to prefer settings repositories over project repositories but repository 'MavenRepo' was added by build file 'build.gradle.kts'
Build was configured to prefer settings repositories over project repositories but repository 'MavenRepo' was added by build file 'build.gradle.kts'
Build was configured to prefer settings repositories over project repositories but repository 'MavenRepo' was added by build file 'build.gradle.kts'
Build was configured to prefer settings repositories over project repositories but repository 'MavenRepo' was added by build file 'build.gradle.kts'
Build was configured to prefer settings repositories over project repositories but repository 'MavenRepo' was added by build file 'build.gradle.kts'
Build was configured to prefer settings repositories over project repositories but repository 'MavenRepo' was added by build file 'build.gradle.kts'
Build was configured to prefer settings repositories over project repositories but repository 'MavenRepo' was added by build file 'build.gradle.kts'
Build was configured to prefer settings repositories over project repositories but repository 'MavenRepo' was added by build file 'build.gradle.kts'
Build was configured to prefer settings repositories over project repositories but repository 'MavenRepo' was added by build file 'build.gradle.kts'
Build was configured to prefer settings repositories over project repositories but repository 'MavenRepo' was added by build file 'build.gradle.kts'
Build was configured to prefer settings repositories over project repositories but repository 'MavenRepo' was added by build file 'build.gradle.kts'
Build was configured to prefer settings repositories over project repositories but repository 'MavenRepo' was added by build file 'build.gradle.kts'
Build was configured to prefer settings repositories over project repositories but repository 'MavenRepo' was added by build file 'build.gradle.kts'
Build was configured to prefer settings repositories over project repositories but repository 'MavenRepo' was added by build file 'build.gradle.kts'
Build was configured to prefer settings repositories over project repositories but repository 'MavenRepo' was added by build file 'build.gradle.kts'
Build was configured to prefer settings repositories over project repositories but repository 'MavenRepo' was added by build file 'build.gradle.kts'
Build was configured to prefer settings repositories over project repositories but repository 'MavenRepo' was added by build file 'build.gradle.kts'
Build was configured to prefer settings repositories over project repositories but repository 'MavenRepo' was added by build file 'build.gradle.kts'
Build was configured to prefer settings repositories over project repositories but repository 'MavenRepo' was added by build file 'build.gradle.kts'
Build was configured to prefer settings repositories over project repositories but repository 'MavenRepo' was added by build file 'build.gradle.kts'
Build was configured to prefer settings repositories over project repositories but repository 'MavenRepo' was added by build file 'build.gradle.kts'
Build was configured to prefer settings repositories over project repositories but repository 'MavenRepo' was added by build file 'build.gradle.kts'
Build was configured to prefer settings repositories over project repositories but repository 'MavenRepo' was added by build file 'build.gradle.kts'
Build was configured to prefer settings repositories over project repositories but repository 'MavenRepo' was added by build file 'build.gradle.kts'

> Task :fluxion-adapter-spi:checkKotlinGradlePluginConfigurationErrors SKIPPED
> Task :fluxion-log:checkKotlinGradlePluginConfigurationErrors SKIPPED
> Task :fluxion-schema:core:checkKotlinGradlePluginConfigurationErrors SKIPPED
> Task :fluxion-adapter-mq:checkKotlinGradlePluginConfigurationErrors SKIPPED
> Task :fluxion-core:checkKotlinGradlePluginConfigurationErrors SKIPPED
> Task :fluxion-acl-spi:checkKotlinGradlePluginConfigurationErrors SKIPPED
> Task :fluxion-adapter-http:checkKotlinGradlePluginConfigurationErrors SKIPPED
> Task :fluxion-admin:checkKotlinGradlePluginConfigurationErrors SKIPPED
> Task :fluxion-debug:checkKotlinGradlePluginConfigurationErrors SKIPPED
> Task :fluxion-adapter-rpc:checkKotlinGradlePluginConfigurationErrors SKIPPED
> Task :fluxion-schema:json:checkKotlinGradlePluginConfigurationErrors SKIPPED
> Task :fluxion-function:checkKotlinGradlePluginConfigurationErrors SKIPPED
> Task :fluxion-admin:openApiGenerate UP-TO-DATE
> Task :fluxion-engine:checkKotlinGradlePluginConfigurationErrors SKIPPED
> Task :fluxion-mock:checkKotlinGradlePluginConfigurationErrors SKIPPED
> Task :fluxion-decorator:checkKotlinGradlePluginConfigurationErrors SKIPPED
> Task :fluxion-adapter-http:core:checkKotlinGradlePluginConfigurationErrors SKIPPED
> Task :fluxion-config:http:checkKotlinGradlePluginConfigurationErrors SKIPPED
> Task :fluxion-config:core:checkKotlinGradlePluginConfigurationErrors SKIPPED
> Task :fluxion-config:nacos:checkKotlinGradlePluginConfigurationErrors SKIPPED
> Task :fluxion-config:registry-http:checkKotlinGradlePluginConfigurationErrors SKIPPED
> Task :fluxion-config:apollo:checkKotlinGradlePluginConfigurationErrors SKIPPED
> Task :fluxion-config:spring-boot:checkKotlinGradlePluginConfigurationErrors SKIPPED
> Task :fluxion-core:spring-boot:checkKotlinGradlePluginConfigurationErrors SKIPPED
> Task :fluxion-function:external:checkKotlinGradlePluginConfigurationErrors SKIPPED
> Task :fluxion-decorator:spring-boot:checkKotlinGradlePluginConfigurationErrors SKIPPED
> Task :fluxion-di:spring:checkKotlinGradlePluginConfigurationErrors SKIPPED
> Task :fluxion-function:builtin:checkKotlinGradlePluginConfigurationErrors SKIPPED
> Task :fluxion-function:spring-boot:checkKotlinGradlePluginConfigurationErrors SKIPPED
> Task :fluxion-function:meta:checkKotlinGradlePluginConfigurationErrors SKIPPED
> Task :fluxion-redis:core:checkKotlinGradlePluginConfigurationErrors SKIPPED
> Task :fluxion-redis:redisson:checkKotlinGradlePluginConfigurationErrors SKIPPED
> Task :fluxion-redis:lettuce:checkKotlinGradlePluginConfigurationErrors SKIPPED
> Task :fluxion-redis:spring-boot:checkKotlinGradlePluginConfigurationErrors SKIPPED
> Task :fluxion-runtime:core:checkKotlinGradlePluginConfigurationErrors SKIPPED
> Task :fluxion-schema:spring-boot:checkKotlinGradlePluginConfigurationErrors SKIPPED
> Task :fluxion-script-engine:spring-boot:checkKotlinGradlePluginConfigurationErrors SKIPPED
> Task :fluxion-script-engine:core:checkKotlinGradlePluginConfigurationErrors SKIPPED
> Task :fluxion-adapter-http:springmvc:apollo:checkKotlinGradlePluginConfigurationErrors SKIPPED
> Task :fluxion-adapter-http:springmvc:checkKotlinGradlePluginConfigurationErrors SKIPPED
> Task :fluxion-adapter-http:springmvc:nacos:checkKotlinGradlePluginConfigurationErrors SKIPPED
> Task :fluxion-adapter-http:springmvc:spring-boot:checkKotlinGradlePluginConfigurationErrors SKIPPED
> Task :fluxion-config:checkKotlinGradlePluginConfigurationErrors SKIPPED
> Task :fluxion-di:checkKotlinGradlePluginConfigurationErrors SKIPPED
> Task :fluxion-redis:checkKotlinGradlePluginConfigurationErrors SKIPPED
> Task :fluxion-adapter-rpc:compileKotlin NO-SOURCE
> Task :fluxion-di:compileKotlin NO-SOURCE
> Task :fluxion-config:compileKotlin NO-SOURCE
> Task :fluxion-redis:compileKotlin NO-SOURCE
> Task :fluxion-adapter-http:compileKotlin NO-SOURCE
> Task :fluxion-adapter-mq:kafka:checkKotlinGradlePluginConfigurationErrors SKIPPED
> Task :fluxion-adapter-mq:spring-boot:checkKotlinGradlePluginConfigurationErrors SKIPPED
> Task :fluxion-adapter-rpc:grpc:checkKotlinGradlePluginConfigurationErrors SKIPPED
> Task :fluxion-adapter-rpc:dubbo:checkKotlinGradlePluginConfigurationErrors SKIPPED
> Task :fluxion-runtime:checkKotlinGradlePluginConfigurationErrors SKIPPED
> Task :fluxion-core:processResources NO-SOURCE
> Task :fluxion-adapter-spi:processResources NO-SOURCE
> Task :fluxion-debug:processResources NO-SOURCE
> Task :fluxion-mock:processResources NO-SOURCE
> Task :fluxion-engine:processResources NO-SOURCE
> Task :fluxion-function:processResources NO-SOURCE
> Task :fluxion-decorator:processResources NO-SOURCE
> Task :fluxion-function:builtin:processResources UP-TO-DATE
> Task :fluxion-schema:core:processResources NO-SOURCE
> Task :fluxion-function:meta:processResources NO-SOURCE
> Task :fluxion-function:spring-boot:processResources UP-TO-DATE
> Task :fluxion-adapter-rpc:spring-boot:checkKotlinGradlePluginConfigurationErrors SKIPPED
> Task :fluxion-function:external:dubbo:checkKotlinGradlePluginConfigurationErrors SKIPPED
> Task :fluxion-function:external:grpc:checkKotlinGradlePluginConfigurationErrors SKIPPED
> Task :fluxion-runtime:spring-boot:checkKotlinGradlePluginConfigurationErrors SKIPPED
> Task :fluxion-function:external:processResources NO-SOURCE
> Task :fluxion-function:external:http:checkKotlinGradlePluginConfigurationErrors SKIPPED
> Task :fluxion-function:external:grpc:spring-boot:checkKotlinGradlePluginConfigurationErrors SKIPPED
> Task :fluxion-adapter-mq:compileKotlin NO-SOURCE
> Task :fluxion-function:external:dubbo:spring-boot:checkKotlinGradlePluginConfigurationErrors SKIPPED
> Task :fluxion-schema:checkKotlinGradlePluginConfigurationErrors SKIPPED
> Task :fluxion-function:external:http:spring-boot:checkKotlinGradlePluginConfigurationErrors SKIPPED
> Task :fluxion-script-engine:checkKotlinGradlePluginConfigurationErrors SKIPPED
> Task :fluxion-schema:json:processResources NO-SOURCE
> Task :fluxion-test:checkKotlinGradlePluginConfigurationErrors SKIPPED
> Task :fluxion-adapter-http:webflux:checkKotlinGradlePluginConfigurationErrors SKIPPED
> Task :fluxion-redis:spring-data:checkKotlinGradlePluginConfigurationErrors SKIPPED
> Task :fluxion-schema:avro:checkKotlinGradlePluginConfigurationErrors SKIPPED
> Task :fluxion-test:webflux:checkKotlinGradlePluginConfigurationErrors SKIPPED
> Task :fluxion-schema:avro:spring-boot:checkKotlinGradlePluginConfigurationErrors SKIPPED
> Task :fluxion-schema:protobuf:checkKotlinGradlePluginConfigurationErrors SKIPPED
> Task :fluxion-schema:protobuf:spring-boot:checkKotlinGradlePluginConfigurationErrors SKIPPED
> Task :fluxion-adapter-rpc:grpc:extractProto UP-TO-DATE
> Task :fluxion-script-engine:compileKotlin NO-SOURCE
> Task :fluxion-schema:compileKotlin NO-SOURCE
> Task :fluxion-function:external:grpc:extractProto UP-TO-DATE
> Task :fluxion-acl-spi:compileKotlin UP-TO-DATE
> Task :fluxion-log:compileKotlin UP-TO-DATE
> Task :fluxion-log:compileJava SKIPPED
> Task :fluxion-acl-spi:compileJava SKIPPED
> Task :fluxion-log:processResources NO-SOURCE
> Task :fluxion-function:external:grpc:extractIncludeProto UP-TO-DATE
> Task :fluxion-schema:core:compileKotlin UP-TO-DATE
> Task :fluxion-schema:core:compileJava SKIPPED
> Task :fluxion-function:external:grpc:generateProto NO-SOURCE
> Task :fluxion-adapter-rpc:grpc:extractIncludeProto UP-TO-DATE
> Task :fluxion-adapter-rpc:grpc:generateProto UP-TO-DATE
> Task :fluxion-schema:json:compileKotlin UP-TO-DATE
> Task :fluxion-schema:json:compileJava SKIPPED
> Task :fluxion-core:compileKotlin UP-TO-DATE
> Task :fluxion-core:compileJava SKIPPED
> Task :fluxion-adapter-spi:compileKotlin UP-TO-DATE
> Task :fluxion-adapter-spi:compileJava SKIPPED
> Task :fluxion-function:compileKotlin UP-TO-DATE
> Task :fluxion-function:compileJava SKIPPED
> Task :fluxion-config:core:compileKotlin UP-TO-DATE
> Task :fluxion-schema:avro:compileKotlin
> Task :fluxion-config:core:compileJava SKIPPED
> Task :fluxion-function:meta:compileKotlin UP-TO-DATE
> Task :fluxion-decorator:compileKotlin UP-TO-DATE
> Task :fluxion-decorator:compileJava SKIPPED

> Task :fluxion-schema:protobuf:compileKotlin
w: file:///D:/Projects/workflow/workflow/workflow-platform/fluxion-schema/protobuf/src/main/kotlin/com/fluxion/schema/protobuf/ProtobufSchemaFieldExtractor.kt:90:13 'when' is exhaustive so 'else' is redundant here.

> Task :fluxion-adapter-http:core:compileKotlin
> Task :fluxion-adapter-http:core:compileJava SKIPPED
> Task :fluxion-mock:compileKotlin UP-TO-DATE
> Task :fluxion-mock:compileJava SKIPPED
> Task :fluxion-engine:compileKotlin UP-TO-DATE
> Task :fluxion-engine:compileJava SKIPPED

> Task :fluxion-config:registry-http:compileKotlin FAILED
d:\Projects\workflow\workflow\workflow-platform\gradlew.bat : e: file:///D:/Projects/workflow/workflow/workflow-platfor
m/fluxion-config/registry-http/src/main/kotlin/com/fluxion/registry/http/HttpInstanceRegistry.kt:130:1 Syntax error: Un
closed comment.
At line:15 char:3003
+ ... pgrep\bin'; d:\Projects\workflow\workflow\workflow-platform\gradlew.b ...
+                 ~~~~~~~~~~~~~~~~~~~~~~~~~~~~~~~~~~~~~~~~~~~~~~~~~~~~~~~~~
    + CategoryInfo          : NotSpecified: (e: file:///D:/P...closed comment.:String) [], RemoteException
    + FullyQualifiedErrorId : NativeCommandError
 

> Task :fluxion-decorator:spring-boot:compileKotlin

> Task :fluxion-schema:spring-boot:compileKotlin
w: file:///D:/Projects/workflow/workflow/workflow-platform/fluxion-schema/spring-boot/src/main/kotlin/com/fluxion/schema/spring/boot/SchemaConfigApplier.kt:75:40 The corresponding parameter in the supertype 'SchemaConfigApplier' is named 'config'. This may cause problems when calling this function with named arguments.

> Task :fluxion-config:http:compileKotlin FAILED
e: file:///D:/Projects/workflow/workflow/workflow-platform/fluxion-config/http/src/main/kotlin/com/fluxion/config/http/
HttpSchemaConfigSubscriber.kt:60:26 Argument type mismatch: actual type is 'Function0<String>', but 'String!' was expec
ted.
e: file:///D:/Projects/workflow/workflow/workflow-platform/fluxion-config/http/src/main/kotlin/com/fluxion/config/http/
HttpSchemaConfigSubscriber.kt:90:17 None of the following candidates is applicable:
fun error(p0: String!, p1: Any!): Unit
fun error(p0: String!, vararg p1: Any!): Unit
fun error(p0: String!, p1: Throwable!): Unit
fun error(p0: Marker!, p1: String!): Unit

> Task :fluxion-debug:compileKotlin UP-TO-DATE
> Task :fluxion-function:external:compileKotlin

> Task :fluxion-config:nacos:compileKotlin FAILED
e: file:///D:/Projects/workflow/workflow/workflow-platform/fluxion-config/nacos/src/main/kotlin/com/fluxion/config/naco
s/NacosFunctionConfigSubscriber.kt:93:23 Argument type mismatch: actual type is 'Function0<String>', but 'String!' was 
expected.
e: file:///D:/Projects/workflow/workflow/workflow-platform/fluxion-config/nacos/src/main/kotlin/com/fluxion/config/naco
s/NacosFunctionConfigSubscriber.kt:95:17 None of the following candidates is applicable:
fun error(p0: String!, p1: Any!): Unit
fun error(p0: String!, vararg p1: Any!): Unit
fun error(p0: String!, p1: Throwable!): Unit
fun error(p0: Marker!, p1: String!): Unit
e: file:///D:/Projects/workflow/workflow/workflow-platform/fluxion-config/nacos/src/main/kotlin/com/fluxion/config/naco
s/NacosFunctionConfigSubscriber.kt:113:17 None of the following candidates is applicable:
fun error(p0: String!, p1: Any!): Unit
fun error(p0: String!, vararg p1: Any!): Unit
fun error(p0: String!, p1: Throwable!): Unit
fun error(p0: Marker!, p1: String!): Unit

> Task :fluxion-config:apollo:compileKotlin FAILED
e: file:///D:/Projects/workflow/workflow/workflow-platform/fluxion-config/apollo/src/main/kotlin/com/fluxion/config/apo
llo/ApolloKeyedConfigSubscriber.kt:104:18 Argument type mismatch: actual type is 'Function0<String>', but 'String!' was
 expected.
e: file:///D:/Projects/workflow/workflow/workflow-platform/fluxion-config/apollo/src/main/kotlin/com/fluxion/config/apo
llo/ApolloKeyedConfigSubscriber.kt:118:22 Argument type mismatch: actual type is 'Function0<String>', but 'String!' was
 expected.

FAILURE: Build completed with 4 failures.

1: Task failed with an exception.
-----------
* What went wrong:
Execution failed for task ':fluxion-config:registry-http:compileKotlin'.
> A failure occurred while executing org.jetbrains.kotlin.compilerRunner.GradleCompilerRunnerWithWorkers$GradleKotlinCo
mpilerWorkAction
   > Compilation error. See log for more details

* Try:
> Run with --stacktrace option to get the stack trace.
> Run with --info or --debug option to get more log output.
> Run with --scan to get full insights.
> Get more help at https://help.gradle.org.
==============================================================================

2: Task failed with an exception.
-----------
* What went wrong:
Execution failed for task ':fluxion-config:http:compileKotlin'.
> A failure occurred while executing org.jetbrains.kotlin.compilerRunner.GradleCompilerRunnerWithWorkers$GradleKotlinCo
mpilerWorkAction
   > Compilation error. See log for more details

* Try:
> Run with --stacktrace option to get the stack trace.
> Run with --info or --debug option to get more log output.
> Run with --scan to get full insights.
> Get more help at https://help.gradle.org.
==============================================================================

3: Task failed with an exception.
-----------
* What went wrong:
Execution failed for task ':fluxion-config:nacos:compileKotlin'.
> A failure occurred while executing org.jetbrains.kotlin.compilerRunner.GradleCompilerRunnerWithWorkers$GradleKotlinCo
mpilerWorkAction
   > Compilation error. See log for more details

* Try:
> Run with --stacktrace option to get the stack trace.
> Run with --info or --debug option to get more log output.
> Run with --scan to get full insights.
> Get more help at https://help.gradle.org.
==============================================================================

4: Task failed with an exception.
-----------
* What went wrong:
Execution failed for task ':fluxion-config:apollo:compileKotlin'.
> A failure occurred while executing org.jetbrains.kotlin.compilerRunner.GradleCompilerRunnerWithWorkers$GradleKotlinCo
mpilerWorkAction
   > Compilation error. See log for more details

* Try:
> Run with --stacktrace option to get the stack trace.
> Run with --info or --debug option to get more log output.
> Run with --scan to get full insights.
> Get more help at https://help.gradle.org.
==============================================================================

BUILD FAILED in 10s
31 actionable tasks: 10 executed, 21 up-to-date
